// Jest Snapshot v1, https://goo.gl/fbAQLP

exports[`<MyTestResult /> matches snapshot 1`] = `ShallowWrapper {}`;
